Slugs: 102
Available: 36 / 102
  audio: 7
  gaming: 1
  laptopspcs: 5
  more: 7
  smarthome: 5
  smartphones: 6
  wearables: 5
Target: 18 | Done: 66 | To process: 18
[1/18] smartphones/hype-safety-tips
[1/18] more/how-to-match-spoiler-with-watch
[1/18] more/how-to-organize-screen
[1/18] more/regret-care-and-maintenance
[1/18] audio/practical-alternatives-to-tracking
[1/18] wearables/truths-and-delivers-compared
[1/18] laptopspcs/value-buying-guide
[1/18] wearables/how-to-clean-ultra
[1/18] audio/truths-care-and-maintenance
[1/18] smarthome/truths-common-mistakes
  OK — How To Organize Your Screen: A Practical, Evidence
[2/18] laptopspcs/comfort-for-beginners
  OK — How To Clean Ultra: A Precision Maintenance Guide 
[3/18] smartphones/best-audio-for-battery
  OK — Regret Care and Maintenance: Practical Strategies 
[4/18] audio/best-audio-for-tracking
  OK — Truths and Delivers Compared: Separating Marketing
[5/18] laptopspcs/how-to-match-buyers-with-compared
  OK — How To Match Spoiler With Watch: Precision Fit, Ae
[6/18] gaming/how-to-match-benchmarks-with-smartwatch
  OK — The Truths Behind Common Smart Home Installation M
[7/18] smarthome/laptopspcs-tools-checklist
  OK — Practical Alternatives to Tracking: Creative, Effi
[8/18] smarthome/band-smarthome-essentials
  OK — Hype Safety Tips: Protecting Your Health, Wallet, 
[9/18] smartphones/real-alternatives-to-life
  OK — The Real-World Value Buying Guide: How to Get Maxi
  OK — Truths About Audio Equipment Care and Maintenance:
  OK — Best Audio Gear for Tracking: Microphones, Interfa
  OK — Comfort for Beginners: A Practical, Evidence-Based
  OK — Best Audio For Battery: How Smartphones Deliver Hi
  OK — How To Match Benchmarks With Smartwatch: A Practic
  OK — How To Match Buyers With Compared: A Precision Fra
  OK — Real Alternatives to Life: Practical, Tech-Integra
  OK — LaptopSPCS Tools Checklist: Essential Hardware, So
  OK — Band Smarthome Essentials: Practical, Reliable, an
IndexNow: 18 URLs

Done! Success: 18 Failed: 0 Time: 3.5min
